Release 14.7 - xst P.20131013 (lin64)
Copyright (c) 1995-2013 Xilinx, Inc.  All rights reserved.
--> 
Parameter TMPDIR set to xst/projnav.tmp


Total REAL time to Xst completion: 0.00 secs
Total CPU time to Xst completion: 0.04 secs
 
--> 
Parameter xsthdpdir set to xst


Total REAL time to Xst completion: 0.00 secs
Total CPU time to Xst completion: 0.04 secs
 
--> 
Reading design: b200.prj

TABLE OF CONTENTS
  1) Synthesis Options Summary
  2) HDL Parsing
  3) HDL Elaboration
  4) HDL Synthesis
       4.1) HDL Synthesis Report
  5) Advanced HDL Synthesis
       5.1) Advanced HDL Synthesis Report
  6) Low Level Synthesis
  7) Partition Report
  8) Design Summary
       8.1) Primitive and Black Box Usage
       8.2) Device utilization summary
       8.3) Partition Resource Summary
       8.4) Timing Report
            8.4.1) Clock Information
            8.4.2) Asynchronous Control Signals Information
            8.4.3) Timing Summary
            8.4.4) Timing Details
            8.4.5) Cross Clock Domains Report


=========================================================================
*                      Synthesis Options Summary                        *
=========================================================================
---- Source Parameters
Input File Name                    : "b200.prj"
Ignore Synthesis Constraint File   : NO

---- Target Parameters
Output File Name                   : "b200"
Output Format                      : NGC
Target Device                      : xc6slx75-3-fgg484

---- Source Options
Top Module Name                    : b200
Verilog Macros                     : { SPARTAN6=1 }
Automatic FSM Extraction           : YES
FSM Encoding Algorithm             : Auto
Safe Implementation                : No
FSM Style                          : LUT
RAM Extraction                     : Yes
RAM Style                          : Auto
ROM Extraction                     : Yes
Shift Register Extraction          : YES
ROM Style                          : Auto
Resource Sharing                   : YES
Asynchronous To Synchronous        : NO
Shift Register Minimum Size        : 2
Use DSP Block                      : Auto
Automatic Register Balancing       : Yes

---- Target Options
LUT Combining                      : Auto
Reduce Control Sets                : Auto
Add IO Buffers                     : YES
Global Maximum Fanout              : 100000
Add Generic Clock Buffer(BUFG)     : 16
Register Duplication               : YES
Move First FlipFlop Stage          : YES
Move Last FlipFlop Stage           : YES
Optimize Instantiated Primitives   : YES
Use Clock Enable                   : Auto
Use Synchronous Set                : Auto
Use Synchronous Reset              : Auto
Pack IO Registers into IOBs        : True
Equivalent register Removal        : YES

---- General Options
Optimization Goal                  : Speed
Optimization Effort                : 2
Power Reduction                    : NO
Keep Hierarchy                     : No
Netlist Hierarchy                  : As_Optimized
RTL Output                         : Yes
Global Optimization                : AllClockNets
Read Cores                         : YES
Write Timing Constraints           : NO
Cross Clock Analysis               : NO
Hierarchy Separator                : /
Bus Delimiter                      : <>
Case Specifier                     : Maintain
Slice Utilization Ratio            : 100
BRAM Utilization Ratio             : 100
DSP48 Utilization Ratio            : 100
Auto BRAM Packing                  : NO
Slice Utilization Ratio Delta      : 5

---- Other Options
Cores Search Directories           : {"../coregen" "../coregen_dsp"  }

=========================================================================


=========================================================================
*                          HDL Parsing                                  *
=========================================================================
Analyzing Verilog file "/home/thompsonlab/Documents/fpga/usrp3/lib/dsp/clip.v" into library work
Parsing module <clip>.
Analyzing Verilog file "/home/thompsonlab/Documents/fpga/usrp3/lib/control/ram_2port.v" into library work
Parsing module <ram_2port>.
Analyzing Verilog file "/home/thompsonlab/Documents/fpga/usrp3/lib/fifo/axi_fifo_short.v" into library work
Parsing module <axi_fifo_short>.
Analyzing Verilog file "/home/thompsonlab/Documents/fpga/usrp3/lib/fifo/axi_fifo_flop2.v" into library work
Parsing module <axi_fifo_flop2>.
Analyzing Verilog file "/home/thompsonlab/Documents/fpga/usrp3/lib/fifo/axi_fifo_flop.v" into library work
Parsing module <axi_fifo_flop>.
Analyzing Verilog file "/home/thompsonlab/Documents/fpga/usrp3/lib/fifo/axi_fifo_bram.v" into library work
Parsing module <axi_fifo_bram>.
Analyzing Verilog file "/home/thompsonlab/Documents/fpga/usrp3/lib/dsp/add2_and_clip.v" into library work
Parsing module <add2_and_clip>.
Analyzing Verilog file "/home/thompsonlab/Documents/fpga/usrp3/lib/fifo/axi_fifo.v" into library work
Parsing module <axi_fifo>.
Analyzing Verilog file "/home/thompsonlab/Documents/fpga/usrp3/lib/dsp/sign_extend.v" into library work
Parsing module <sign_extend>.
Analyzing Verilog file "/home/thompsonlab/Documents/fpga/usrp3/lib/dsp/round.v" into library work
Parsing module <round>.
Analyzing Verilog file "/home/thompsonlab/Documents/fpga/usrp3/lib/dsp/add2_and_round.v" into library work
Parsing module <add2_and_round>.
Analyzing Verilog file "/home/thompsonlab/Documents/fpga/usrp3/lib/dsp/add2_and_clip_reg.v" into library work
Parsing module <add2_and_clip_reg>.
Analyzing Verilog file "/home/thompsonlab/Documents/fpga/usrp3/lib/dsp/add2.v" into library work
Parsing module <add2>.
Analyzing Verilog file "/home/thompsonlab/Documents/fpga/usrp3/lib/fifo/axi_fifo_cascade.v" into library work
Parsing module <axi_fifo_cascade>.
Analyzing Verilog file "/home/thompsonlab/Documents/fpga/usrp3/lib/dsp/srl.v" into library work
Parsing module <srl>.
Analyzing Verilog file "/home/thompsonlab/Documents/fpga/usrp3/lib/dsp/round_sd.v" into library work
Parsing module <round_sd>.
Analyzing Verilog file "/home/thompsonlab/Documents/fpga/usrp3/lib/dsp/round_reg.v" into library work
Parsing module <round_reg>.
Analyzing Verilog file "/home/thompsonlab/Documents/fpga/usrp3/lib/dsp/cordic_stage.v" into library work
Parsing module <cordic_stage>.
Analyzing Verilog file "/home/thompsonlab/Documents/fpga/usrp3/lib/dsp/clip_reg.v" into library work
Parsing module <clip_reg>.
Analyzing Verilog file "/home/thompsonlab/Documents/fpga/usrp3/lib/dsp/cic_int_shifter.v" into library work
Parsing module <cic_int_shifter>.
Analyzing Verilog file "/home/thompsonlab/Documents/fpga/usrp3/lib/dsp/cic_dec_shifter.v" into library work
Parsing module <cic_dec_shifter>.
Analyzing Verilog file "/home/thompsonlab/Documents/fpga/usrp3/lib/dsp/add_then_mac.v" into library work
Parsing module <add_then_mac>.
Analyzing Verilog file "/home/thompsonlab/Documents/fpga/usrp3/lib/dsp/add2_reg.v" into library work
Parsing module <add2_reg>.
Analyzing Verilog file "/home/thompsonlab/Documents/fpga/usrp3/lib/dsp/add2_and_round_reg.v" into library work
Parsing module <add2_and_round_reg>.
Analyzing Verilog file "/home/thompsonlab/Documents/fpga/usrp3/lib/dsp/acc.v" into library work
Parsing module <acc>.
Analyzing Verilog file "/home/thompsonlab/Documents/fpga/usrp3/lib/control/setting_reg.v" into library work
Parsing module <setting_reg>.
Analyzing Verilog file "/home/thompsonlab/Documents/fpga/usrp3/top/b200/coregen_dsp/hbdec2.v" into library work
Parsing module <hbdec2>.
Analyzing Verilog file "/home/thompsonlab/Documents/fpga/usrp3/top/b200/coregen_dsp/hbdec1.v" into library work
Parsing module <hbdec1>.
Analyzing Verilog file "/home/thompsonlab/Documents/fpga/usrp3/top/b200/coregen/fifo_short_2clk.v" into library work
Parsing module <fifo_short_2clk>.
Analyzing Verilog file "/home/thompsonlab/Documents/fpga/usrp3/top/b200/coregen/fifo_4k_2clk.v" into library work
Parsing module <fifo_4k_2clk>.
Analyzing Verilog file "/home/thompsonlab/Documents/fpga/usrp3/lib/vita_200/trigger_context_pkt.v" into library work
Parsing module <trigger_context_pkt>.
Analyzing Verilog file "/home/thompsonlab/Documents/fpga/usrp3/lib/vita_200/context_packet_gen.v" into library work
Parsing module <context_packet_gen>.
Analyzing Verilog file "/home/thompsonlab/Documents/fpga/usrp3/lib/timing/time_compare.v" into library work
Parsing module <time_compare>.
Analyzing Verilog file "/home/thompsonlab/Documents/fpga/usrp3/lib/fifo/axi_packet_gate.v" into library work
Parsing module <axi_packet_gate>.
Analyzing Verilog file "/home/thompsonlab/Documents/fpga/usrp3/lib/dsp/small_hb_int.v" into library work
Parsing module <small_hb_int>.
Analyzing Verilog file "/home/thompsonlab/Documents/fpga/usrp3/lib/dsp/small_hb_dec.v" into library work
Parsing module <small_hb_dec>.
Analyzing Verilog file "/home/thompsonlab/Documents/fpga/usrp3/lib/dsp/hb_interp.v" into library work
Parsing module <hb_interp>.
Analyzing Verilog file "/home/thompsonlab/Documents/fpga/usrp3/lib/dsp/hb_dec.v" into library work
Parsing module <hb_dec>.
Analyzing Verilog file "/home/thompsonlab/Documents/fpga/usrp3/lib/dsp/hb47_int.v" into library work
Parsing module <hb47_int>.
Analyzing Verilog file "/home/thompsonlab/Documents/fpga/usrp3/lib/dsp/cordic_z24.v" into library work
Parsing module <cordic_z24>.
Analyzing Verilog file "/home/thompsonlab/Documents/fpga/usrp3/lib/dsp/cic_strober.v" into library work
Parsing module <cic_strober>.
Analyzing Verilog file "/home/thompsonlab/Documents/fpga/usrp3/lib/dsp/cic_interp.v" into library work
Parsing module <cic_interp>.
Analyzing Verilog file "/home/thompsonlab/Documents/fpga/usrp3/lib/dsp/cic_decim.v" into library work
Parsing module <cic_decim>.
Analyzing Verilog file "/home/thompsonlab/Documents/fpga/usrp3/lib/wishbone/simple_uart_tx.v" into library work
Parsing module <simple_uart_tx>.
Analyzing Verilog file "/home/thompsonlab/Documents/fpga/usrp3/lib/wishbone/simple_uart_rx.v" into library work
Parsing module <simple_uart_rx>.
Analyzing Verilog file "/home/thompsonlab/Documents/fpga/usrp3/lib/vita_200/tx_responder.v" into library work
Parsing module <tx_responder>.
Analyzing Verilog file "/home/thompsonlab/Documents/fpga/usrp3/lib/vita_200/new_tx_deframer.v" into library work
Parsing module <new_tx_deframer>.
Analyzing Verilog file "/home/thompsonlab/Documents/fpga/usrp3/lib/vita_200/new_tx_control.v" into library work
Parsing module <new_tx_control>.
Analyzing Verilog file "/home/thompsonlab/Documents/fpga/usrp3/lib/vita_200/new_rx_framer.v" into library work
Parsing module <new_rx_framer>.
Analyzing Verilog file "/home/thompsonlab/Documents/fpga/usrp3/lib/vita_200/new_rx_control.v" into library work
Parsing module <new_rx_control>.
Analyzing Verilog file "/home/thompsonlab/Documents/fpga/usrp3/lib/timing/timekeeper.v" into library work
Parsing module <timekeeper>.
Analyzing Verilog file "/home/thompsonlab/Documents/fpga/usrp3/lib/radio_200/input_signal_adv.v" into library work
Parsing module <input_signal_adv>.
Analyzing Verilog file "/home/thompsonlab/Documents/fpga/usrp3/lib/packet_proc_200/source_flow_control_legacy.v" into library work
Parsing module <source_flow_control_legacy>.
Analyzing Verilog file "/home/thompsonlab/Documents/fpga/usrp3/lib/gpif2/gpif2_error_checker.v" into library work
Parsing module <gpif2_error_checker>.
Analyzing Verilog file "/home/thompsonlab/Documents/fpga/usrp3/lib/fifo_200/axi_fifo_legacy.v" into library work
Parsing module <axi_fifo_legacy>.
Analyzing Verilog file "/home/thompsonlab/Documents/fpga/usrp3/lib/fifo/axi_mux4.v" into library work
Parsing module <axi_mux4>.
Analyzing Verilog file "/home/thompsonlab/Documents/fpga/usrp3/lib/fifo/axi_fifo_2clk.v" into library work
Parsing module <axi_fifo_2clk>.
Analyzing Verilog file "/home/thompsonlab/Documents/fpga/usrp3/lib/fifo/axi_fifo64_to_fifo32.v" into library work
Parsing module <axi_fifo64_to_fifo32>.
Analyzing Verilog file "/home/thompsonlab/Documents/fpga/usrp3/lib/fifo/axi_fifo32_to_fifo64.v" into library work
Parsing module <axi_fifo32_to_fifo64>.
Analyzing Verilog file "/home/thompsonlab/Documents/fpga/usrp3/lib/fifo/axi_demux4.v" into library work
Parsing module <axi_demux4>.
Analyzing Verilog file "/home/thompsonlab/Documents/fpga/usrp3/lib/dsp/duc_chain.v" into library work
Parsing module <duc_chain>.
Analyzing Verilog file "/home/thompsonlab/Documents/fpga/usrp3/lib/dsp/ddc_chain.v" into library work
Parsing module <ddc_chain>.
Analyzing Verilog file "/home/thompsonlab/Documents/fpga/usrp3/lib/control/user_settings.v" into library work
Parsing module <user_settings>.
Analyzing Verilog file "/home/thompsonlab/Documents/fpga/usrp3/lib/control/synchronizer_impl.v" into library work
Parsing module <synchronizer_impl>.
Analyzing Verilog file "/home/thompsonlab/Documents/fpga/usrp3/lib/control/radio_ctrl_proc.v" into library work
Parsing module <radio_ctrl_proc>.
Analyzing Verilog file "/home/thompsonlab/Documents/fpga/usrp3/lib/control/gpio_atr.v" into library work
Parsing module <gpio_atr>.
Analyzing Verilog file "/home/thompsonlab/Documents/fpga/usrp3/lib/wishbone/simple_uart.v" into library work
Parsing module <simple_uart>.
Analyzing Verilog file "/home/thompsonlab/Documents/fpga/usrp3/lib/timing/pps_generator.v" into library work
Parsing module <pps_generator>.
Analyzing Verilog file "/home/thompsonlab/Documents/fpga/usrp3/lib/radio_200/radio_legacy.v" into library work
Parsing module <radio_legacy>.
ERROR:HDLCompiler:31 - "/home/thompsonlab/Documents/fpga/usrp3/lib/radio_200/radio_legacy.v" Line 413: <llr_reg1_val> is already declared.
INFO:HDLCompiler:1408 - "/home/thompsonlab/Documents/fpga/usrp3/lib/radio_200/radio_legacy.v" Line 363. llr_reg1_val is declared here
ERROR:HDLCompiler:598 - "/home/thompsonlab/Documents/fpga/usrp3/lib/radio_200/radio_legacy.v" Line 9: Module <radio_legacy> ignored due to previous errors.
Verilog file /home/thompsonlab/Documents/fpga/usrp3/lib/radio_200/radio_legacy.v ignored due to errors
--> 


Total memory usage is 312904 kilobytes

Number of errors   :    2 (   0 filtered)
Number of warnings :    0 (   0 filtered)
Number of infos    :    0 (   0 filtered)

